get_data	{"data_out":"override"}
get_key_2	{"data_out":"2"}
get_key_1	{"data_out":"1"}
get_key_3	{"data_out":"3"}
get_not_exist_key	{"null":null}
